<!DOCTYPE html><html lang="en"><head><meta charset="utf-8"><meta name="viewport" content="width=device-width, initial-scale=1.0"><meta name="generator" content="rustdoc"><meta name="description" content="API documentation for the Rust `Expected` trait in crate `serde`."><meta name="keywords" content="rust, rustlang, rust-lang, Expected"><title>serde::de::Expected - Rust</title><link rel="stylesheet" type="text/css" href="../../normalize.css"><link rel="stylesheet" type="text/css" href="../../rustdoc.css" id="mainThemeStyle"><link rel="stylesheet" type="text/css" href="../../light.css"  id="themeStyle"><link rel="stylesheet" type="text/css" href="../../dark.css" disabled ><link rel="stylesheet" type="text/css" href="../../ayu.css" disabled ><script id="default-settings"></script><script src="../../storage.js"></script><noscript><link rel="stylesheet" href="../../noscript.css"></noscript><link rel="icon" type="image/svg+xml" href="../../favicon.svg">
<link rel="alternate icon" type="image/png" href="../../favicon-16x16.png">
<link rel="alternate icon" type="image/png" href="../../favicon-32x32.png"><style type="text/css">#crate-search{background-image:url("../../down-arrow.svg");}</style></head><body class="rustdoc trait"><!--[if lte IE 8]><div class="warning">This old browser is unsupported and will most likely display funky things.</div><![endif]--><nav class="sidebar"><div class="sidebar-menu">&#9776;</div><a href='../../serde/index.html'><div class='logo-container rust-logo'><img src='../../rust-logo.png' alt='logo'></div></a><p class="location">Trait Expected</p><div class="sidebar-elems"><div class="block items"><a class="sidebar-title" href="#required-methods">Required Methods</a><div class="sidebar-links"><a href="#tymethod.fmt">fmt</a></div><a class="sidebar-title" href="#foreign-impls">Implementations on Foreign Types</a><div class="sidebar-links"><a href="#impl-Expected-for-%26%27a%20str">&amp;&#39;a str</a></div><a class="sidebar-title" href="#trait-implementations">Trait Implementations</a><div class="sidebar-links"><a href="#impl-Display">Display</a></div><a class="sidebar-title" href="#implementors">Implementors</a></div><p class="location"><a href="../index.html">serde</a>::<wbr><a href="index.html">de</a></p><div id="sidebar-vars" data-name="Expected" data-ty="trait" data-relpath=""></div><script defer src="sidebar-items.js"></script></div></nav><div class="theme-picker"><button id="theme-picker" aria-label="Pick another theme!" aria-haspopup="menu"><img src="../../brush.svg" width="18" alt="Pick another theme!"></button><div id="theme-choices" role="menu"></div></div><script src="../../theme.js"></script><nav class="sub"><form class="search-form"><div class="search-container"><div><select id="crate-search"><option value="All crates">All crates</option></select><input class="search-input" name="search" disabled autocomplete="off" spellcheck="false" placeholder="Click or press ‘S’ to search, ‘?’ for more options…" type="search"></div><button type="button" class="help-button">?</button>
                <a id="settings-menu" href="../../settings.html"><img src="../../wheel.svg" width="18" alt="Change settings"></a></div></form></nav><section id="main" class="content"><h1 class="fqn"><span class="in-band">Trait <a href="../index.html">serde</a>::<wbr><a href="index.html">de</a>::<wbr><a class="trait" href="">Expected</a></span><span class="out-of-band"><span id="render-detail"><a id="toggle-all-docs" href="javascript:void(0)" title="collapse all docs">[<span class="inner">&#x2212;</span>]</a></span><a class="srclink" href="../../src/serde/de/mod.rs.html#469-473" title="goto source code">[src]</a></span></h1><div class="docblock type-decl hidden-by-usual-hider"><pre class="rust trait">pub trait Expected {
    fn <a href="#tymethod.fmt" class="fnname">fmt</a>(&amp;self, formatter: &amp;mut <a class="struct" href="https://doc.rust-lang.org/nightly/core/fmt/struct.Formatter.html" title="struct core::fmt::Formatter">Formatter</a>&lt;'_&gt;) -&gt; <a class="type" href="https://doc.rust-lang.org/nightly/core/fmt/type.Result.html" title="type core::fmt::Result">Result</a>;
}</pre></div><div class="docblock"><p><code>Expected</code> represents an explanation of what data a <code>Visitor</code> was expecting
to receive.</p>
<p>This is used as an argument to the <code>invalid_type</code>, <code>invalid_value</code>, and
<code>invalid_length</code> methods of the <code>Error</code> trait to build error messages. The
message should be a noun or noun phrase that completes the sentence &quot;This
Visitor expects to receive ...&quot;, for example the message could be &quot;an
integer between 0 and 64&quot;. The message should not be capitalized and should
not end with a period.</p>
<p>Within the context of a <code>Visitor</code> implementation, the <code>Visitor</code> itself
(<code>&amp;self</code>) is an implementation of this trait.</p>

<div class='information'><div class='tooltip edition' data-edition="2018">ⓘ</div></div><div class="example-wrap"><pre class="rust rust-example-rendered edition">
<span class="kw">fn</span> <span class="ident">visit_bool</span><span class="op">&lt;</span><span class="ident">E</span><span class="op">&gt;</span>(<span class="self">self</span>, <span class="ident">v</span>: <span class="ident">bool</span>) <span class="op">-</span><span class="op">&gt;</span> <span class="prelude-ty">Result</span><span class="op">&lt;</span><span class="self">Self</span>::<span class="ident">Value</span>, <span class="ident">E</span><span class="op">&gt;</span>
<span class="kw">where</span>
    <span class="ident">E</span>: <span class="ident">de</span>::<span class="ident">Error</span>,
{
    <span class="prelude-val">Err</span>(<span class="ident">de</span>::<span class="ident">Error</span>::<span class="ident">invalid_type</span>(<span class="ident">Unexpected</span>::<span class="ident">Bool</span>(<span class="ident">v</span>), <span class="kw-2">&amp;</span><span class="self">self</span>))
}</pre></div>
<p>Outside of a <code>Visitor</code>, <code>&amp;&quot;...&quot;</code> can be used.</p>

<div class='information'><div class='tooltip edition' data-edition="2018">ⓘ</div></div><div class="example-wrap"><pre class="rust rust-example-rendered edition">
<span class="kw">return</span> <span class="prelude-val">Err</span>(<span class="ident">de</span>::<span class="ident">Error</span>::<span class="ident">invalid_type</span>(<span class="ident">Unexpected</span>::<span class="ident">Bool</span>(<span class="ident">v</span>), <span class="kw-2">&amp;</span><span class="string">&quot;a negative integer&quot;</span>));</pre></div>
</div><h2 id="required-methods" class="small-section-header">Required methods<a href="#required-methods" class="anchor"></a></h2><div class="methods"><h3 id="tymethod.fmt" class="method"><code>fn <a href="#tymethod.fmt" class="fnname">fmt</a>(&amp;self, formatter: &amp;mut <a class="struct" href="https://doc.rust-lang.org/nightly/core/fmt/struct.Formatter.html" title="struct core::fmt::Formatter">Formatter</a>&lt;'_&gt;) -&gt; <a class="type" href="https://doc.rust-lang.org/nightly/core/fmt/type.Result.html" title="type core::fmt::Result">Result</a></code><a class="srclink" href="../../src/serde/de/mod.rs.html#472" title="goto source code">[src]</a></h3><div class="docblock"><p>Format an explanation of what data was being expected. Same signature as
the <code>Display</code> and <code>Debug</code> traits.</p>
</div></div><span class="loading-content">Loading content...</span><h2 id="trait-implementations" class="small-section-header">Trait Implementations<a href="#trait-implementations" class="anchor"></a></h2><div id="trait-implementations-list"><h3 id="impl-Display" class="impl"><code class="in-band">impl&lt;'a&gt; <a class="trait" href="https://doc.rust-lang.org/nightly/core/fmt/trait.Display.html" title="trait core::fmt::Display">Display</a> for dyn <a class="trait" href="../../serde/de/trait.Expected.html" title="trait serde::de::Expected">Expected</a> + 'a</code><a href="#impl-Display" class="anchor"></a><a class="srclink" href="../../src/serde/de/mod.rs.html#490-494" title="goto source code">[src]</a></h3><div class="impl-items"><h4 id="method.fmt" class="method hidden"><code>fn <a href="https://doc.rust-lang.org/nightly/core/fmt/trait.Display.html#tymethod.fmt" class="fnname">fmt</a>(&amp;self, formatter: &amp;mut <a class="struct" href="https://doc.rust-lang.org/nightly/core/fmt/struct.Formatter.html" title="struct core::fmt::Formatter">Formatter</a>&lt;'_&gt;) -&gt; <a class="type" href="https://doc.rust-lang.org/nightly/core/fmt/type.Result.html" title="type core::fmt::Result">Result</a></code><a class="srclink" href="../../src/serde/de/mod.rs.html#491-493" title="goto source code">[src]</a></h4><div class='docblock hidden'><p>Formats the value using the given formatter. <a href="https://doc.rust-lang.org/nightly/core/fmt/trait.Display.html#tymethod.fmt">Read more</a></p>
</div></div></div><h2 id="foreign-impls" class="small-section-header">Implementations on Foreign Types<a href="#foreign-impls" class="anchor"></a></h2><h3 id="impl-Expected-for-%26%27a%20str" class="impl"><code class="in-band">impl&lt;'a&gt; <a class="trait" href="../../serde/de/trait.Expected.html" title="trait serde::de::Expected">Expected</a> for &amp;'a <a class="primitive" href="https://doc.rust-lang.org/nightly/std/primitive.str.html">str</a></code><a href="#impl-Expected-for-%26%27a%20str" class="anchor"></a><a class="srclink" href="../../src/serde/de/mod.rs.html#484-488" title="goto source code">[src]</a></h3><div class="impl-items"><h4 id="method.fmt-1" class="method hidden"><code>fn <a href="#method.fmt" class="fnname">fmt</a>(&amp;self, formatter: &amp;mut <a class="struct" href="https://doc.rust-lang.org/nightly/core/fmt/struct.Formatter.html" title="struct core::fmt::Formatter">Formatter</a>&lt;'_&gt;) -&gt; <a class="type" href="https://doc.rust-lang.org/nightly/core/fmt/type.Result.html" title="type core::fmt::Result">Result</a></code><a class="srclink" href="../../src/serde/de/mod.rs.html#485-487" title="goto source code">[src]</a></h4></div><span class="loading-content">Loading content...</span><h2 id="implementors" class="small-section-header">Implementors<a href="#implementors" class="anchor"></a></h2><div class="item-list" id="implementors-list"><h3 id="impl-Expected" class="impl"><code class="in-band">impl&lt;'de, T&gt; Expected for T <span class="where fmt-newline">where<br>&nbsp;&nbsp;&nbsp;&nbsp;T: <a class="trait" href="../../serde/de/trait.Visitor.html" title="trait serde::de::Visitor">Visitor</a>&lt;'de&gt;,&nbsp;</span></code><a href="#impl-Expected" class="anchor"></a><a class="srclink" href="../../src/serde/de/mod.rs.html#475-482" title="goto source code">[src]</a></h3><div class="impl-items"><h4 id="method.fmt-2" class="method hidden"><code>fn <a href="#method.fmt-2" class="fnname">fmt</a>(&amp;self, formatter: &amp;mut <a class="struct" href="https://doc.rust-lang.org/nightly/core/fmt/struct.Formatter.html" title="struct core::fmt::Formatter">Formatter</a>&lt;'_&gt;) -&gt; <a class="type" href="https://doc.rust-lang.org/nightly/core/fmt/type.Result.html" title="type core::fmt::Result">Result</a></code><a class="srclink" href="../../src/serde/de/mod.rs.html#479-481" title="goto source code">[src]</a></h4></div></div><span class="loading-content">Loading content...</span><script type="text/javascript" src="../../implementors/serde/de/trait.Expected.js" async></script></section><section id="search" class="content hidden"></section><section class="footer"></section><div id="rustdoc-vars" data-root-path="../../" data-current-crate="serde"></div>
    <script src="../../main.js"></script><script defer src="../../search-index.js"></script></body></html>